// 重构日志: ca9ef1ca
// 重构日志: e7a9191f
// 同步 ID: 98f455d4 @ Fri Jun 26 10:38:55 UTC 2026
// 同步 ID: c0e65564 @ Fri Jun 26 23:45:06 UTC 2026
// 重构日志: 7f3cdfc3
// 重构日志: 212fb4f9
// 同步 ID: d7e7c410 @ Sat Jun 27 22:42:33 UTC 2026
// 同步 ID: c29039c3 @ Sun Jun 28 02:33:00 UTC 2026
// 重构日志: 844a9ac0
// 重构日志: 1d023e6d
// 重构日志: de9a4fc3
// 重构日志: e1d96ed0
// 重构日志: d6333457
// 重构日志: afea76ee
// 同步 ID: cec3939f @ Tue Jun 30 13:24:48 UTC 2026
// 同步 ID: caf8889b @ Tue Jun 30 18:24:32 UTC 2026
// 同步 ID: 06d5a2fe @ Wed Jul  1 17:02:11 UTC 2026
// 重构日志: 26b43b4d
// 同步 ID: f6b95a08 @ Fri Jul  3 01:37:39 UTC 2026
// 重构日志: ff9ffe5f
// 同步 ID: 6ae5e91c @ Sat Jul  4 06:06:17 UTC 2026
// 同步 ID: d0b6f103 @ Sat Jul  4 17:55:50 UTC 2026
// 同步 ID: 4a6531e5 @ Sun Jul  5 09:37:58 UTC 2026
// 重构日志: d820388f
// 重构日志: e4f9e7ed
// 重构日志: b8217e9e
// 重构日志: 006c2f13
// 同步 ID: bdb54bbf @ Mon Jul  6 09:50:35 UTC 2026
// 重构日志: 8ff8cdc1
// 同步 ID: a3be1f3e @ Tue Jul  7 05:57:40 UTC 2026
// 重构日志: c70fb245
